{"GTI": {"File Provider": "GTI", "Attributes": {}, "Create Date": "2018-02-21 12:17:10", "Trust Level": "Known Malicious"}, "ATD": {"File Provider": "ATD", "Create Date": "2018-03-14 11:53:09", "Trust Level": "Most Likely Malicious"}, "MWG": {"File Provider": "MWG", "Create Date": "2018-03-14 11:53:55", "Trust Level": "Most Likely Malicious"}, "Enterprise": {"File Provider": "Enterprise", "Attributes": {"Average Local Rep": "Most Likely Malicious", "First Contact": "2018-02-21 12:17:10", "Min Local Rep": "Most Likely Malicious", "Is Prevalent": "0", "File Name Count": "1", "Max Local Rep": "Most Likely Malicious"}, "Create Date": "2018-02-21 12:17:10", "Trust Level": "Most Likely Malicious"}}