{"GTI": {"File Provider": "GTI", "Attributes": {}, "Create Date": "2018-02-15 06:49:52", "Trust Level": "Known Trusted"}, "ATD": {}, "MWG": {}, "Enterprise": {"File Provider": "Enterprise", "Attributes": {"Average Local Rep": "Known Trusted", "First Contact": "2018-02-15 06:49:52", "Min Local Rep": "Known Trusted", "Is Prevalent": "0", "File Name Count": "1", "Max Local Rep": "Known Trusted"}, "Create Date": "2018-02-15 06:49:52", "Trust Level": "Not Set"}}