{"GTI": {"File Provider": "GTI", "Attributes": {}, "Create Date": "2018-02-08 11:18:24", "Trust Level": "Known Trusted"}, "ATD": {}, "MWG": {}, "Enterprise": {"File Provider": "Enterprise", "Attributes": {"Average Local Rep": "Most Likely Trusted", "First Contact": "2018-02-08 11:18:24", "Min Local Rep": "Most Likely Trusted", "Is Prevalent": "0", "File Name Count": "1", "Max Local Rep": "Most Likely Trusted"}, "Create Date": "2018-02-08 11:18:24", "Trust Level": "Known Malicious"}}